   Compiling webdeck v2.0.0-alpha.1 (/workspace/WebDeck)
    Finished `test` profile [unoptimized + debuginfo] target(s) in 28.76s
     Running unittests src/lib.rs (target/debug/deps/webdeck-29439969f81e1e12)

running 113 tests
test adapters::integrations::fetch::tests::empty_fields_arrive_as_bare_markers ... ok
test adapters::integrations::fetch::tests::dispatch_routes_fetch_through_handle_command ... ok
test adapters::integrations::fetch::tests::manual_form_is_bare_url_with_defaults ... ok
test adapters::integrations::fetch::tests::missing_url_fails ... ok
test adapters::integrations::fetch::tests::parses_form_built_message ... ok
test adapters::integrations::fetch::tests::rejects_bad_input_before_any_network ... ok
test adapters::integrations::fetch::tests::separator_inside_body_survives ... ok
test adapters::integrations::spotify::volume::tests::volume_parsing_matches_python_branches ... ok
test adapters::platform::app_volume::tests::app_volume_math_matches_python ... ok
test adapters::platform::app_volume::tests::sink_inputs_parse_index_binary_percent ... ok
test adapters::platform::audio::volume::tests::bad_set_target_returns_err_without_touching_audio ... ok
test adapters::platform::audio::volume::tests::endpoints_parse_name_and_description ... ok
test adapters::platform::audio::volume::tests::percent_parses_first_channel ... ok
test adapters::platform::color_picker::get_arg::tests::extracts_args ... ok
test adapters::platform::color_picker::get_color_name::tests::exact_and_closest ... ok
test adapters::platform::color_picker::get_mouse_pixel_color::tests::decodes_portal_file_uris ... ok
test adapters::platform::color_picker::get_mouse_pixel_color::tests::decodes_x11_pixel_formats ... ok
test adapters::platform::color_picker::get_mouse_pixel_color::tests::formats_primary_colors ... ok
test adapters::platform::color_picker::get_mouse_pixel_color::tests::parses_grim_p6_1x1 ... ok
test adapters::platform::color_picker::notification::tests::list_display_formats_entries ... ok
test adapters::platform::color_picker::notification::tests::raw_display_joins_values ... ok
test adapters::platform::color_picker::notification::tests::single_copy_picks_first_value ... ok
test adapters::platform::desktop_linux::tests::shell_quote_wraps_safely ... ok
test adapters::platform::input::tests::maps_common_key_names ... ok
test adapters::platform::soundboard::ffmpeg::tests::replaces_only_last_occurrence ... ok
test adapters::integrations::exec::python_code::tests::script_errors_surface ... ok
test adapters::platform::soundboard::ffmpeg::tests::silence_output_name_matches_python ... ok
test adapters::platform::soundboard::mic::tests::paren_name_parsing_matches_python_slice ... ok
test adapters::platform::soundboard::mic::tests::stop_and_restart_do_not_panic_without_devices ... ok
test adapters::platform::soundboard::player::tests::params_default_volume_when_not_numeric ... ok
test adapters::platform::soundboard::player::tests::params_keep_absolute_and_nospace_forms_like_python ... ok
test adapters::platform::soundboard::player::tests::params_parse_volume_and_prefix_upload_dir ... ok
test adapters::platform::soundboard::player::tests::remove_player_with_unknown_ids_is_noop ... ok
test adapters::platform::usage::asked_devices::tests::extracts_groups ... ok
test adapters::platform::tests::volume_errors_surface_as_failure ... ok
test adapters::platform::usage::disks::tests::disk_alias_is_eval_safe ... ok
test adapters::platform::usage::get_usage::tests::asked_metric_matches_python_len_rules ... ok
test adapters::platform::usage::disks::tests::disk_keys_expose_root_as_c ... ok
test adapters::integrations::exec::python_code::tests::scripts_run_with_host_api ... ok
test adapters::platform::usage::get_usage::tests::filtered_merges_with_full ... ok
test adapters::platform::usage::get_usage::tests::failed_nvml_read_keeps_configured_method ... ok
test adapters::platform::usage::get_usage::tests::full_shape_has_expected_sections ... ok
test adapters::platform::usage::get_usage::tests::rounds_like_psutil ... ok
test adapters::platform::usage::get_usage::tests::live_disks_have_aliases_and_rounded_percents ... ok
test adapters::platform::usage::gpu::tests::amd_shape_on_amdgpu_hardware ... ok
test adapters::platform::usage::gpu::tests::default_gpu_key_always_present ... ok
test adapters::platform::usage::gpu::tests::legacy_aliases_canonicalize ... ok
test adapters::platform::usage::get_usage::tests::network_reports_lifetime_totals ... ok
test adapters::platform::usage::gpu_amd::tests::fdinfo_sampler_yields_range_gated_load ... ok
test adapters::platform::usage::gpu_amd::tests::gfx_load_percent_handles_edges ... ok
test adapters::platform::usage::gpu_amd::tests::parses_gpu_metrics_v2_2 ... ok
test adapters::platform::usage::gpu::tests::none_method_falls_back_to_working_backend ... ok
test adapters::platform::window::find_window::tests::matches_case_insensitively ... ok
test adapters::platform::window::find_window::tests::wmctrl_list_parses_ids_and_titles ... ok
test app::on_start::utils::tests::color_distance_black_white ... ok
test app::on_start::utils::tests::desktop_entry_has_required_keys ... ok
test app::server::assets::tests::rotated_copy_swaps_dimensions ... ok
test app::server::assets::tests::svgs_follow_stylesheet_imports_in_order ... ok
test adapters::platform::usage::get_usage::tests::shared_system_holds_no_proc_stat_fds ... ok
test app::server::realtime::tests::malformed_socket_credentials_are_not_absent_credentials ... ok
test app::server::middleware::network_tests::deny_unconfigured_ipv6_and_invalid_cidr_but_allow_explicit_networks ... ok
test app::server::security::tests::host_rebinding_is_denied_even_without_origin ... ok
test app::server::security::tests::local_browser_origin_rejects_rebinding_host_even_with_matching_origin ... ok
test app::on_start::utils::tests::stuck_none_method_recovers_to_working_backend ... ok
test app::tray::tests::port_validation_matches_python_save_gate ... ok
test app::tray::tests::server_state_numeric_mapping_matches_python ... ok
test app::updater::download::tests::only_maintainer_v2_prereleases_are_candidates ... ok
test app::updater::versions::tests::version_ordering ... ok
test app::utils::args::tests::defaults_match_python ... ok
test app::utils::args::tests::parses_flags ... ok
test app::utils::debug::timers::tests::start_get_stop ... ok
test app::server::tests::get_config_accepts_get_and_post ... ok
test app::utils::get_local_ip::tests::returns_an_ip ... ok
test app::utils::global_variables::tests::get_many ... ok
test app::utils::global_variables::tests::set_and_get_roundtrip ... ok
test app::utils::is_opened::tests::debug_build_is_never_opened ... ok
test app::utils::debug::timers::tests::stop_all_and_longest ... ok
test app::utils::languages::tests::negotiates_exact_short_and_sibling_locales ... ok
test app::utils::languages::tests::sibling_pick_is_deterministic ... ok
test app::utils::logger::tests::civil_date_conversion ... ok
test app::utils::logger::tests::logger_writes_file ... ok
test app::utils::merge_dicts::tests::merges_nested_objects ... ok
test app::utils::merge_dicts::tests::overwrites_non_objects ... ok
test app::utils::plugins::load_plugins::tests::broken_plugin_reports_import_error ... ok
test app::utils::plugins::load_plugins::tests::dynamic_to_json_converts_nesting ... ok
test app::utils::plugins::load_plugins::tests::plugin_doc_map_form_declares_args ... ok
test app::utils::plugins::load_plugins::tests::plugin_doc_wrong_type_falls_back_to_empty_command ... ok
test app::utils::languages::tests::loads_real_lang_files ... ok
test app::utils::qr::tests::button_geometry_matches_default_window ... ok
test app::utils::plugins::load_plugins::tests::rhai_plugin_contract_end_to_end ... ok
test app::utils::qr::tests::glyph_e_sets_18_pixels_at_scale_1 ... ok
test adapters::integrations::spotify::utils::tests::oauth_callback_validates_state_and_is_cancellable_without_input ... ok
test app::utils::qr::tests::sibling_binary_keeps_exe_dir ... ok
test app::utils::qr::tests::size_parses_w_by_h ... ok
test app::utils::qr::tests::size_rejects_garbage_and_absurd ... ok
test app::utils::qr::tests::tiny_window_has_no_button ... ok
test app::utils::qr::tests::unknown_glyph_is_blank_but_advances ... ok
test app::utils::settings::audio_devices::tests::dedup_and_microsoft_filter ... ok
test app::utils::settings::audio_devices::tests::enumerates_without_panicking ... ok
test app::utils::settings::check_config_update::tests::discovery_does_not_rename_coerce_or_merge_user_data ... ok
test app::utils::settings::gridsize::tests::grow_height_adds_voids ... ok
test app::utils::settings::gridsize::tests::matrix_roundtrip ... ok
test app::utils::settings::gridsize::tests::shrink_width_removes_void_column ... ok
test app::utils::show_error::tests::issue_url_encoding ... ok
test app::utils::translate::tests::live_translation ... ignored, requires network access to translate.googleapis.com
test app::utils::translate::tests::parses_google_response ... ok
test app::utils::translate::tests::splits_camel_case ... ok
test app::utils::welcome_popup::tests::detects_dont_show_again_result ... ok
test app::utils::welcome_popup::tests::treats_other_results_as_plain_dismiss ... ok
test app::utils::working_dir::tests::debug_build_uses_cwd ... ok
test app::utils::qr::tests::frame_has_qr_button_and_white_corners ... ok
test app::utils::qr::tests::qr_png_bytes_have_png_magic ... ok
test app::tray::menu::tests::menu_builds_with_all_states ... ok

test result: ok. 112 passed; 0 failed; 1 ignored; 0 measured; 0 filtered out; finished in 0.07s

     Running unittests src/bin/console.rs (target/debug/deps/console-cff7af40ae1f8127)

running 0 tests

test result: ok. 0 passed; 0 failed; 0 ignored; 0 measured; 0 filtered out; finished in 0.00s

     Running unittests src/bin/package.rs (target/debug/deps/package-05aab7838eddf8e1)

running 0 tests

test result: ok. 0 passed; 0 failed; 0 ignored; 0 measured; 0 filtered out; finished in 0.00s

     Running unittests src/bin/update.rs (target/debug/deps/update-574f406b457502ce)

running 0 tests

test result: ok. 0 passed; 0 failed; 0 ignored; 0 measured; 0 filtered out; finished in 0.00s

     Running unittests src/main.rs (target/debug/deps/webdeck-a40b8e4fd8d321cd)

running 0 tests

test result: ok. 0 passed; 0 failed; 0 ignored; 0 measured; 0 filtered out; finished in 0.00s

     Running unittests src/bin/qr.rs (target/debug/deps/webdeck_qr-16a0e81e4c003195)

running 0 tests

test result: ok. 0 passed; 0 failed; 0 ignored; 0 measured; 0 filtered out; finished in 0.00s

     Running tests/cli_exit.rs (target/debug/deps/cli_exit-c4beae979ce61692)

running 3 tests
test exit_positional_terminates_process ... ok
test invalid_args_exit_with_code_2 ... ok
test ordered_space_separated_options_and_timeout_exit_gracefully_with_isolated_config ... ok

test result: ok. 3 passed; 0 failed; 0 ignored; 0 measured; 0 filtered out; finished in 1.10s

     Running tests/cli_qr.rs (target/debug/deps/cli_qr-6b2ca7ddd7d330a8)

running 5 tests
test invalid_size_exits_2 ... ok
test help_exits_zero ... ok
test neither_source_fails ... ok
test missing_png_fails_without_window ... ok
test png_and_text_conflict ... ok

test result: ok. 5 passed; 0 failed; 0 ignored; 0 measured; 0 filtered out; finished in 0.01s

     Running tests/v2_commands.rs (target/debug/deps/v2_commands-f0175d829ca91d38)

running 4 tests
test golden_prefix_precedence_aliases_and_raw_arguments ... ok
test overload_and_cancelled_request_retain_running_admission ... ok
test accepted_queued_commands_survive_transport_cancellation_and_drain ... ok
test input_is_ordered_and_denied_unknown_commands_never_reach_effects ... ok

test result: ok. 4 passed; 0 failed; 0 ignored; 0 measured; 0 filtered out; finished in 0.06s

     Running tests/v2_config.rs (target/debug/deps/v2_config-6dcffc00a67f770b)

running 8 tests
test interrupted_transaction_preserves_external_file ... ok
test failed_disk_write_preserves_file_and_snapshot ... ok
test missing_and_old_schemas_are_rejected_without_modification_or_backup ... ok
test opening_v2_is_read_only_and_preserves_extensions ... ok
test concurrent_revision_updates_have_one_winner_and_explicit_transactions_preserve_edits ... ok
test unsupported_schema_does_not_overwrite_or_back_up_unknown_data ... ok
test revisions_conflict_after_external_edits_and_invalid_edits_keep_last_valid_snapshot ... ok
test independent_configuration_owners_serialize_writes_with_the_os_lock ... ok

test result: ok. 8 passed; 0 failed; 0 ignored; 0 measured; 0 filtered out; finished in 0.04s

     Running tests/v2_contracts.rs (target/debug/deps/v2_contracts-21269fb399e521c3)

running 1 test
test schema_enums_match_runtime_and_typed_requests_reject_unknown_fields ... ok

test result: ok. 1 passed; 0 failed; 0 ignored; 0 measured; 0 filtered out; finished in 0.00s

     Running tests/v2_http.rs (target/debug/deps/v2_http-70ed59d15e4e1d3f)

running 1 test
test real_routes_enforce_identity_capabilities_revisions_origin_and_legacy_shapes_with_fake_effects ... ok

test result: ok. 1 passed; 0 failed; 0 ignored; 0 measured; 0 filtered out; finished in 0.04s

     Running tests/v2_processes.rs (target/debug/deps/v2_processes-6e395845cfc69239)

running 1 test
test shell_timeout_and_shutdown_terminate_owned_process_groups_even_after_the_leader_exits ... ok

test result: ok. 1 passed; 0 failed; 0 ignored; 0 measured; 0 filtered out; finished in 0.07s

     Running tests/v2_update.rs (target/debug/deps/v2_update-eaf6920c667da73f)

running 6 tests
test ordinary_download_without_trusted_https_source_is_denied ... ok
test portable_archive_upgrade_and_real_updater_rollback_preserve_user_data ... ignored, requires WEBDECK_PORTABLE_ARTIFACT from a native package build
test interrupted_install_restores_all_originals_and_removes_new_files ... ok
test installation_rejects_symlinked_destination_without_touching_target ... ok
test verified_upgrade_and_rollback_preserve_user_config_and_original_permissions ... ok
test invalid_digest_traversal_and_config_replacement_never_publish ... ok

test result: ok. 5 passed; 0 failed; 1 ignored; 0 measured; 0 filtered out; finished in 0.01s

