    Blocking waiting for file lock on build directory
   Compiling unicode-ident v1.0.26
    Checking cfg-if v1.0.5
    Checking libc v0.2.189
    Checking serde_core v1.0.229
   Compiling equivalent v1.0.2
   Compiling proc-macro2 v1.0.107
   Compiling hashbrown v0.17.1
   Compiling quote v1.0.47
   Compiling indexmap v2.14.2
   Compiling syn v3.0.6
   Compiling syn v2.0.119
    Checking pin-project-lite v0.2.17
    Checking futures-core v0.3.34
    Checking bitflags v2.13.2
    Checking memchr v2.8.3
    Checking log v0.4.34
    Checking portable-atomic v1.15.0
    Checking futures-io v0.3.34
    Checking slab v0.4.12
    Checking once_cell v1.21.4
    Checking futures-sink v0.3.34
    Checking scopeguard v1.2.0
    Checking futures-channel v0.3.34
    Checking futures-task v0.3.34
    Checking itoa v1.0.18
    Checking lock_api v0.4.14
    Checking errno v0.3.14
    Checking stable_deref_trait v1.2.1
    Checking crossbeam-utils v0.8.23
    Checking signal-hook-registry v1.4.8
    Checking mio v1.2.3
    Checking socket2 v0.6.5
    Checking typenum v1.20.1
    Checking bitflags v1.3.2
    Checking libm v0.2.16
   Compiling synstructure v0.14.0
    Checking num-traits v0.2.19
    Checking arrayvec v0.7.8
    Checking tracing-core v0.1.36
    Checking bytemuck v1.25.2
    Checking lazy_static v1.5.0
   Compiling serde_derive v1.0.229
   Compiling futures-macro v0.3.34
   Compiling tokio-macros v2.7.2
   Compiling thiserror-impl v2.0.21
    Checking futures-util v0.3.34
   Compiling zerofrom-derive v0.1.8
    Checking thiserror v2.0.21
   Compiling tracing-attributes v0.1.31
   Compiling serde v1.0.229
    Checking zerofrom v0.1.8
   Compiling yoke-derive v0.8.3
   Compiling toml_datetime v0.6.3
   Compiling serde_spanned v0.6.9
   Compiling toml_edit v0.20.2
    Checking tracing v0.1.44
    Checking smallvec v1.16.2
    Checking bytes v1.12.1
    Checking parking_lot_core v0.9.12
    Checking parking_lot v0.12.5
    Checking http v1.5.0
    Checking tokio v1.53.1
    Checking percent-encoding v2.3.2
    Checking yoke v0.8.3
   Compiling displaydoc v0.2.7
   Compiling zerovec-derive v0.11.6
   Compiling toml v0.8.2
    Checking atomic-waker v1.1.2
   Compiling proc-macro-error-attr v1.0.4
   Compiling system-deps v6.2.2
    Checking zerovec v0.11.8
   Compiling syn v1.0.109
   Compiling glib-sys v0.18.1
   Compiling gobject-sys v0.18.0
   Compiling gio-sys v0.18.1
   Compiling gdk-sys v0.18.2
    Checking http-body v1.1.0
   Compiling proc-macro-error v1.0.4
    Checking httparse v1.10.1
    Checking futures-executor v0.3.34
   Compiling thiserror-impl v1.0.69
    Checking fastrand v2.5.0
    Checking parking v2.2.1
    Checking linux-raw-sys v0.12.1
   Compiling proc-macro-crate v2.0.2
   Compiling zeroize_derive v1.5.0
    Checking rand_core v0.10.1
   Compiling winnow v1.0.4
    Checking simdutf8 v0.1.5
    Checking thiserror v1.0.69
   Compiling glib-macros v0.18.5
    Checking rustix v1.1.5
    Checking zeroize v1.9.0
    Checking tinystr v0.8.4
   Compiling pango-sys v0.18.0
   Compiling gdk-pixbuf-sys v0.18.0
   Compiling cairo-sys-rs v0.18.2
    Checking litemap v0.8.3
    Checking writeable v0.6.4
    Checking simd-adler32 v0.3.10
    Checking icu_locale_core v2.3.0
   Compiling toml_parser v1.1.3+spec-1.1.0
    Checking generic-array v0.14.7
    Checking getrandom v0.4.3
    Checking zmij v1.0.23
    Checking http-body-util v0.1.5
    Checking potential_utf v0.1.6
   Compiling atk-sys v0.18.2
    Checking zerotrie v0.2.5
    Checking tower-service v0.3.3
    Checking subtle v2.6.1
    Checking core_detect v1.0.0
    Checking utf8_iter v1.0.4
   Compiling toml_edit v0.25.15+spec-1.1.0
    Checking icu_collections v2.3.0
    Checking encoding_rs v0.8.42
    Checking glib v0.18.5
    Checking icu_provider v2.3.1
    Checking serde_json v1.0.151
   Compiling enumflags2_derive v0.7.12
    Checking symphonia-core v0.5.5
    Checking httpdate v1.0.3
    Checking try-lock v0.2.5
    Checking cpufeatures v0.3.1
    Checking want v0.3.1
   Compiling proc-macro-crate v3.5.0
    Checking icu_normalizer_data v2.3.0
    Checking crossbeam-epoch v0.9.21
    Checking icu_properties_data v2.3.0
   Compiling zvariant_utils v4.2.0
    Checking rustls-pki-types v1.15.1
    Checking event-listener v5.4.2
    Checking concurrent-queue v2.5.0
    Checking base64 v0.22.1
   Compiling strsim v0.11.1
    Checking adler2 v2.0.1
    Checking event-listener-strategy v0.5.4
    Checking icu_properties v2.3.0
    Checking crossbeam-deque v0.8.8
   Compiling zvariant_derive v5.15.0
    Checking icu_normalizer v2.3.0
    Checking hyper v1.11.1
    Checking chacha20 v0.10.2
    Checking crypto-common v0.1.7
    Checking futures-lite v2.6.1
   Compiling gtk-sys v0.18.2
    Checking form_urlencoded v1.2.2
   Compiling equator-macro v0.4.2
    Checking num-integer v0.1.47
    Checking base64 v0.23.1
    Checking tower-layer v0.3.3
    Checking ipnet v2.12.2
    Checking num-bigint v0.4.8
    Checking hyper-util v0.1.21
    Checking equator v0.4.2
    Checking idna_adapter v1.2.2
    Checking rand v0.10.3
    Checking rayon-core v1.13.0
    Checking crc32fast v1.5.2
    Checking symphonia-metadata v0.5.5
    Checking tokio-util v0.7.19
   Compiling zerocopy-derive v0.8.59
    Checking gio v0.18.4
    Checking libloading v0.8.9
    Checking mime v0.3.17
    Checking openssl-probe v0.2.1
    Checking either v1.18.0
   Compiling wayland-scanner v0.29.5
    Checking num-rational v0.4.2
    Checking zerocopy v0.8.59
    Checking idna v1.1.0
    Checking aligned-vec v0.6.4
    Checking anyhow v1.0.104
    Checking miniz_oxide v0.9.1
   Compiling enumflags2 v0.7.12
    Checking polling v3.11.0
    Checking block-buffer v0.10.4
   Compiling zcheapstr v1.1.0
    Checking hybrid-array v0.4.15
    Checking sync_wrapper v1.0.2
   Compiling unicase v2.9.0
    Checking foreign-types-shared v0.1.1
    Checking async-task v4.7.1
   Compiling endi v1.1.1
   Compiling zvariant v5.15.0
    Checking foreign-types v0.3.2
   Compiling mime_guess v2.0.5
    Checking digest v0.10.7
    Checking async-io v2.6.0
    Checking flate2 v1.1.10
    Checking v_frame v0.3.9
    Checking url v2.5.8
    Checking rayon v1.12.0
    Checking aws-lc-sys v0.45.0
    Checking openssl-sys v0.9.117
    Checking async-channel v2.5.0
   Compiling openssl-macros v0.1.1
   Compiling async-trait v0.1.92
    Checking as-slice v0.2.1
    Checking nom v8.0.0
    Checking aligned v0.4.3
    Checking openssl v0.10.81
   Compiling zbus_names v4.3.4
    Checking aws-lc-rs v1.18.1
    Checking async-signal v0.2.14
    Checking memoffset v0.6.5
    Checking block-buffer v0.12.1
    Checking crypto-common v0.2.2
    Checking tower v0.5.3
    Checking dlib v0.5.3
    Checking symphonia-utils-xiph v0.5.5
    Checking cairo-rs v0.18.5
    Checking async-lock v3.4.2
    Checking miniz_oxide v0.8.9
    Checking piper v0.2.5
   Compiling soup3-sys v0.5.0
   Compiling javascriptcore-rs-sys v1.1.1
   Compiling toml_edit v0.19.15
   Compiling profiling-procmacros v1.0.18
   Compiling arg_enum_proc_macro v0.3.4
    Checking no_std_io2 v0.9.4
    Checking uuid v1.26.1
    Checking pango v0.18.3
    Checking gdk-pixbuf v0.18.5
    Checking const-oid v0.10.2
    Checking ryu v1.0.23
    Checking cpufeatures v0.2.17
   Compiling num-conv v0.2.2
    Checking untrusted v0.9.0
    Checking y4m v0.8.0
    Checking quick-error v2.0.1
   Compiling time-core v0.1.9
    Checking av-scenechange v0.14.1
   Compiling time-macros v0.2.32
   Compiling proc-macro-crate v1.3.1
    Checking gdk v0.18.2
    Checking rustls-webpki v0.103.15
    Checking serde_urlencoded v0.7.1
    Checking digest v0.11.3
    Checking bitstream-io v4.10.0
    Checking profiling v1.0.18
    Checking native-tls v0.2.18
    Checking blocking v1.7.0
    Checking async-process v2.5.0
    Checking wayland-sys v0.29.5
    Checking av1-grain v0.2.5
    Checking nix v0.24.3
   Compiling zbus_macros v5.19.0
    Checking memoffset v0.9.1
    Checking maybe-rayon v0.1.1
    Checking half v2.7.1
    Checking async-executor v1.14.0
   Compiling wayland-client v0.29.5
    Checking itertools v0.14.0
    Checking async-broadcast v0.7.2
   Compiling darling_core v0.24.1
    Checking fdeflate v0.3.7
   Compiling webkit2gtk-sys v2.0.2
   Compiling gdkx11-sys v0.18.2
   Compiling num-derive v0.4.2
   Compiling async-recursion v1.1.1
    Checking num-complex v0.4.6
   Compiling serde_repr v0.1.21
    Checking raw-cpuid v11.6.0
    Checking ordered-stream v0.2.0
   Compiling simd_helpers v0.1.0
    Checking deranged v0.5.8
    Checking rgb v0.8.53
    Checking new_debug_unreachable v1.0.6
    Checking imgref v1.12.3
    Checking pulp-wasm-simd-flag v0.1.1
    Checking reborrow v0.5.5
    Checking powerfmt v0.2.0
    Checking zune-core v0.5.3
    Checking weezl v0.1.12
    Checking http-range-header v0.4.2
    Checking hex v0.4.3
   Compiling getrandom v0.2.17
    Checking zune-jpeg v0.5.15
   Compiling darling_macro v0.24.1
    Checking tower-http v0.6.11
    Checking zbus v5.19.0
    Checking time v0.3.55
    Checking pulp v0.22.3
    Checking loop9 v0.1.5
   Compiling darling_core v0.20.11
    Checking rav1e v0.8.1
   Compiling quick-xml v0.41.0
   Compiling gtk v0.18.2
    Checking png v0.18.1
    Checking wayland-commons v0.29.5
    Checking field-offset v0.3.6
    Checking tokio-native-tls v0.3.1
   Compiling gtk3-macros v0.18.2
    Checking alsa-sys v0.4.0
    Checking x11 v2.21.0
    Checking sha1 v0.11.0
    Checking rustls v0.23.45
    Checking getrandom v0.3.4
    Checking atk v0.18.2
    Checking engineioxide-core v0.2.2
    Checking zune-inflate v0.2.54
    Checking avif-serialize v0.8.9
    Checking bit_field v0.10.3
    Checking scoped-tls v1.0.1
    Checking downcast-rs v1.2.1
    Checking data-encoding v2.11.1
    Checking dpi v0.1.2
    Checking pxfm v0.1.30
    Checking color_quant v1.1.0
    Checking lebe v0.5.3
    Checking raw-window-handle v0.6.2
    Checking fax v0.2.7
    Checking utf8parse v0.2.2
    Checking byteorder-lite v0.1.0
    Checking image-webp v0.2.4
    Checking anstyle-parse v1.0.0
    Checking tiff v0.11.3
    Checking exr v1.74.2
    Checking gif v0.14.2
    Checking moxcms v0.8.1
    Checking tungstenite v0.30.0
    Checking ravif v0.13.0
    Checking alsa v0.11.0
    Checking hyper-tls v0.6.0
   Compiling const-random-macro v0.1.16
   Compiling xcb v1.7.1
    Checking x11-dl v2.21.0
   Compiling darling_macro v0.20.11
   Compiling darling v0.24.1
    Checking zstd-sys v2.1.0+zstd.1.5.7
   Compiling wayland-protocols v0.29.5
    Checking gethostname v1.1.0
    Checking inout v0.1.4
   Compiling strum_macros v0.27.2
    Checking qoi v0.4.1
    Checking crossbeam-channel v0.5.17
    Checking iana-time-zone v0.1.65
    Checking anstyle-query v1.1.5
    Checking extended v0.1.0
    Checking static_assertions v1.1.0
    Checking colorchoice v1.0.5
    Checking crc-catalog v2.5.0
    Checking dasp_sample v0.11.0
    Checking is_terminal_polyfill v1.70.2
    Checking x11rb-protocol v0.13.2
    Checking anstyle v1.0.14
    Checking option-ext v0.2.0
    Checking dirs-sys v0.5.0
    Checking anstream v1.0.0
    Checking crc v3.4.0
    Checking symphonia-format-riff v0.5.5
    Checking strum v0.27.2
   Compiling derive_more-impl v2.1.1
    Checking chrono v0.4.45
    Checking image v0.25.10
    Checking cipher v0.4.4
    Checking zstd-safe v7.3.0
   Compiling serde_with_macros v3.24.0
   Compiling darling v0.20.11
    Checking const-random v0.1.18
    Checking reqwest v0.12.28
    Checking bzip2-sys v0.1.13+1.0.8
    Checking lzma-sys v0.1.20
    Checking libdbus-sys v0.2.7
    Checking tokio-tungstenite v0.30.0
    Checking tokio-rustls v0.26.5
    Checking socketioxide-core v0.19.0
    Checking javascriptcore-rs v1.1.2
    Checking soup3 v0.5.0
    Checking sha2 v0.10.9
    Checking symphonia-codec-vorbis v0.5.5
    Checking x11rb v0.13.2
    Checking symphonia-format-ogg v0.5.5
    Checking symphonia-bundle-flac v0.5.5
    Checking symphonia-format-isomp4 v0.5.5
    Checking hmac v0.12.1
    Checking rustls-native-certs v0.8.4
    Checking symphonia-bundle-mp3 v0.5.5
    Checking symphonia-codec-pcm v0.5.5
    Checking symphonia-codec-aac v0.5.5
   Compiling enum_dispatch v0.3.13
   Compiling async-stream-impl v0.3.6
   Compiling maybe-async v0.2.11
   Compiling dlopen2_derive v0.4.3
    Checking keyboard-types v0.8.3
    Checking task-local v0.1.1
    Checking memmap2 v0.9.11
    Checking byteorder v1.5.0
    Checking bumpalo v3.20.3
    Checking clap_lex v1.1.1
    Checking spin v0.9.9
    Checking sha1_smol v1.0.1
    Checking xcursor v0.3.11
    Checking xkeysym v0.2.1
    Checking tokio-websockets v0.13.3
    Checking wayland-cursor v0.29.5
   Compiling wry v0.57.0
    Checking clap_builder v4.6.7
    Checking multer v3.1.0
    Checking ksni v0.3.6
    Checking xkbcommon v0.9.0
    Checking zopfli v0.8.3
    Checking lzma-rs v0.3.0
    Checking dlopen2 v0.8.2
    Checking muda v0.20.0
    Checking rspotify-http v0.16.1
    Checking rspotify-model v0.16.1
    Checking async-stream v0.3.6
    Checking symphonia v0.5.5
    Checking rustls-platform-verifier v0.6.2
    Checking pbkdf2 v0.12.2
    Checking socketioxide-parser-common v0.17.2
    Checking hyper-rustls v0.27.10
    Checking engineioxide v0.17.7
    Checking dbus v0.9.12
    Checking xz2 v0.1.7
    Checking bzip2 v0.5.2
   Compiling wrapcenum-derive v0.4.1
    Checking ahash v0.8.12
    Checking serde_with v3.24.0
    Checking zstd v0.13.3
    Checking aes v0.8.4
    Checking derive_more v2.1.1
    Checking smartstring v1.0.1
    Checking cookie v0.18.2
    Checking cpal v0.17.3
    Checking dirs v7.0.0
    Checking gdkx11 v0.18.2
    Checking sha1 v0.10.7
    Checking webbrowser v1.2.4
    Checking axum-core v0.5.6
    Checking nvml-wrapper-sys v0.10.0
    Checking rand_distr v0.6.0
    Checking gdkwayland-sys v0.18.2
    Checking webpki-roots v1.0.9
    Checking tempfile v3.27.0
    Checking futures v0.3.34
   Compiling rhai_codegen v3.2.0
   Compiling clap_derive v4.6.7
    Checking webkit2gtk v2.0.2
    Checking serde_path_to_error v0.1.20
    Checking semver v1.0.28
    Checking thin-vec v0.2.20
    Checking rtrb v0.3.5
    Checking matchit v0.9.2
    Checking deflate64 v0.1.12
    Checking matchit v0.8.4
    Checking constant_time_eq v0.3.1
    Checking pollster v0.4.0
    Checking rspotify-macros v0.16.1
    Checking rspotify v0.16.1
    Checking axum v0.8.9
    Checking clap v4.6.7
    Checking rfd v0.17.2
    Checking zip v2.4.2
    Checking socketioxide v0.18.7
    Checking rodio v0.22.2
    Checking rhai v1.26.1
    Checking obws v0.15.0
    Checking nvml-wrapper v0.13.0
    Checking tao v0.37.1
    Checking minifb v0.28.0
    Checking reqwest v0.13.1
    Checking display-info v0.4.8
    Checking tray-icon v0.25.1
    Checking enigo v0.6.1
    Checking cpal v0.18.2
    Checking arboard v3.6.1
    Checking qrcode v0.14.1
    Checking ashpd v0.13.13
    Checking notify-rust v4.18.0
    Checking sysinfo v0.39.6
    Checking webdeck v1.8.7 (/workspace/WebDeck)
    Finished `dev` profile [unoptimized + debuginfo] target(s) in 4m 47s
