
> webdeck-frontend@1.0.0 build
> vite build

vite v8.3.1 building client environment for production...
transforming...
2:34:48 AM [vite-plugin-svelte] src/components/Dialog.svelte:26:23 This reference only captures the initial value of `variant`. Did you mean to reference it inside a closure instead?
https://svelte.dev/e/state_referenced_locally
24:   // Dismiss value for non-answers: alerts only acknowledge, confirms
25:   // default to false (safe side for destructive actions).
26:   const dismissValue = variant === 'alert';
                                  ^
27:
28:   $effect(() => {
2:34:48 AM [vite-plugin-svelte] src/components/studio/StudioTabs.svelte:39:0 Elements with the 'tablist' interactive role must have a tabindex value
https://svelte.dev/e/a11y_interactive_supports_focus
37:
38: <!-- svelte-ignore a11y_no_static_element_interactions: arrow-key delegation for the tablist (focus stays on the tab buttons). -->
39: <div class="wd2-tabs" role="tablist" aria-label="modal sections" onkeydown={onKeydown}>
          ^
40:   {#each tabs as tab}
41:     <button
2:34:48 AM [vite-plugin-svelte] src/views/ThemesPanel.svelte:82:2 `<div>` with a mouseenter or mouseleave handler must have an ARIA role
https://svelte.dev/e/a11y_no_static_element_interactions
80:   {@const meta = metaOf(theme)}
81:   {@const isDefault = theme === DEFAULT_THEME}
82:   <div
          ^
83:     class="theme-container"
84:     filename={theme}
2:34:48 AM [vite-plugin-svelte] src/views/ThemesPanel.svelte:90:6 Visible, non-interactive element `<span>` with a click event must be accompanied by a keyboard event handler. Consider whether an interactive element such as `<button type="button">` or `<a>` might be more appropriate
https://svelte.dev/e/a11y_click_events_have_key_events
88:   >
89:     {#if !isDefault}
90:       <span
               ^
91:         class={isEnabled ? 'disable-theme-hitbox' : 'enable-theme-hitbox'}
92:         onclick={() => toggleTheme(theme)}
2:34:48 AM [vite-plugin-svelte] src/views/ThemesPanel.svelte:90:6 `<span>` with a click handler must have an ARIA role
https://svelte.dev/e/a11y_no_static_element_interactions
88:   >
89:     {#if !isDefault}
90:       <span
               ^
91:         class={isEnabled ? 'disable-theme-hitbox' : 'enable-theme-hitbox'}
92:         onclick={() => toggleTheme(theme)}
2:34:48 AM [vite-plugin-svelte] src/views/ThemesPanel.svelte:96:8 Visible, non-interactive element `<span>` with a click event must be accompanied by a keyboard event handler. Consider whether an interactive element such as `<button type="button">` or `<a>` might be more appropriate
https://svelte.dev/e/a11y_click_events_have_key_events
94:       <span class={(isEnabled ? 'disable-theme' : 'enable-theme') + (hovered === theme ? '' : ' invisible')}></span>
95:       <div class={'arrows-container' + (isEnabled && hovered === theme ? '' : ' invisible')}>
96:         <span class={arrowCls(theme, -1)} onclick={() => moveTheme(theme, -1)}></span>
                                                                                          ^
97:         <span class="arrow-up"></span>
98:         <span class={arrowCls(theme, 1)} onclick={() => moveTheme(theme, 1)}></span>
2:34:48 AM [vite-plugin-svelte] src/views/ThemesPanel.svelte:96:8 `<span>` with a click handler must have an ARIA role
https://svelte.dev/e/a11y_no_static_element_interactions
94:       <span class={(isEnabled ? 'disable-theme' : 'enable-theme') + (hovered === theme ? '' : ' invisible')}></span>
95:       <div class={'arrows-container' + (isEnabled && hovered === theme ? '' : ' invisible')}>
96:         <span class={arrowCls(theme, -1)} onclick={() => moveTheme(theme, -1)}></span>
                                                                                          ^
97:         <span class="arrow-up"></span>
98:         <span class={arrowCls(theme, 1)} onclick={() => moveTheme(theme, 1)}></span>
2:34:48 AM [vite-plugin-svelte] src/views/ThemesPanel.svelte:98:8 Visible, non-interactive element `<span>` with a click event must be accompanied by a keyboard event handler. Consider whether an interactive element such as `<button type="button">` or `<a>` might be more appropriate
https://svelte.dev/e/a11y_click_events_have_key_events
 96:         <span class={arrowCls(theme, -1)} onclick={() => moveTheme(theme, -1)}></span>
 97:         <span class="arrow-up"></span>
 98:         <span class={arrowCls(theme, 1)} onclick={() => moveTheme(theme, 1)}></span>
                                                                                         ^
 99:         <span class="arrow-down"></span>
100:       </div>
2:34:48 AM [vite-plugin-svelte] src/views/ThemesPanel.svelte:98:8 `<span>` with a click handler must have an ARIA role
https://svelte.dev/e/a11y_no_static_element_interactions
 96:         <span class={arrowCls(theme, -1)} onclick={() => moveTheme(theme, -1)}></span>
 97:         <span class="arrow-up"></span>
 98:         <span class={arrowCls(theme, 1)} onclick={() => moveTheme(theme, 1)}></span>
                                                                                         ^
 99:         <span class="arrow-down"></span>
100:       </div>
2:34:48 AM [vite-plugin-svelte] src/components/TrashIcon.svelte:14:0 Visible, non-interactive element `<svg>` with a click event must be accompanied by a keyboard event handler. Consider whether an interactive element such as `<button type="button">` or `<a>` might be more appropriate
https://svelte.dev/e/a11y_click_events_have_key_events
12: </script>
13:
14: <svg
        ^
15:   {onclick}
16:   class="choose-bg-delete-button"
2:34:48 AM [vite-plugin-svelte] src/components/TrashIcon.svelte:14:0 `<svg>` with a click handler must have an ARIA role
https://svelte.dev/e/a11y_no_static_element_interactions
12: </script>
13:
14: <svg
        ^
15:   {onclick}
16:   class="choose-bg-delete-button"
2:34:48 AM [vite-plugin-svelte] src/components/KeyValueEditor.svelte:18:33 This reference only captures the initial value of `initial`. Did you mean to reference it inside a derived instead?
https://svelte.dev/e/state_referenced_locally
16:   let { initial, dark = '' }: Props = $props();
17:
18:   let rows = $state<HeaderRow[]>(initial.map((row) => ({ ...row })));
                                            ^
19:
20:   // Trailing-blank invariant: there is always an empty row to type in.
✓ 252 modules transformed.
rendering chunks...
computing gzip size...
dist/index.html                   1.14 kB │ gzip:  0.60 kB
dist/assets/index-DWqkrhmj.css    1.47 kB │ gzip:  0.72 kB
dist/assets/index-Dr5XCNSL.js   248.90 kB │ gzip: 77.30 kB

✓ built in 874ms
npm notice
npm notice New major version of npm available! 11.9.0 -> 12.1.0
npm notice Changelog: https://github.com/npm/cli/releases/tag/v12.1.0
npm notice To update run: npm install -g npm@12.1.0
npm notice
